// Jest Snapshot v1, https://goo.gl/fbAQLP

exports[`pruesbas en gifitema debe hacer match con el snapshot 1`] = `
<div>
  <div
    class="card"
  >
    <img
      alt="saitama"
      src="https://localhost/algo.jpg"
    />
    <p>
      saitama
    </p>
  </div>
</div>
`;
